error[E0432]: unresolved import `silt_lua::error::ErrorOut`
 --> src/error.rs:6:34
error[E0432]: unresolved import `winit::window::WindowBuilder`
  --> src/gfx.rs:24:38
error[E0432]: unresolved import `silt_lua::error::ErrorOut`
  --> src/lua_define.rs:27:16
error[E0425]: cannot find type `Core` in this scope
  --> src/render.rs:56:16
error[E0422]: cannot find struct, variant or union type `CommandEncoderDescriptor` in this scope
   --> src/render.rs:143:34
error[E0422]: cannot find struct, variant or union type `RenderPassDescriptor` in this scope
   --> src/render.rs:149:58
error[E0422]: cannot find struct, variant or union type `RenderPassColorAttachment` in this scope
   --> src/render.rs:151:39
error[E0422]: cannot find struct, variant or union type `Operations` in this scope
   --> src/render.rs:155:22
error[E0433]: failed to resolve: use of undeclared type `LoadOp`
   --> src/render.rs:156:27
error[E0422]: cannot find struct, variant or union type `Color` in this scope
   --> src/render.rs:156:41
error[E0433]: failed to resolve: use of undeclared type `StoreOp`
   --> src/render.rs:162:28
error[E0422]: cannot find struct, variant or union type `RenderPassDepthStencilAttachment` in this scope
   --> src/render.rs:165:44
error[E0422]: cannot find struct, variant or union type `Operations` in this scope
   --> src/render.rs:167:33
error[E0433]: failed to resolve: use of undeclared type `LoadOp`
   --> src/render.rs:168:27
error[E0433]: failed to resolve: use of undeclared type `StoreOp`
   --> src/render.rs:169:28
error[E0433]: failed to resolve: use of undeclared type `IndexFormat`
   --> src/render.rs:193:65
error[E0422]: cannot find struct, variant or union type `RenderPassDescriptor` in this scope
   --> src/render.rs:274:56
error[E0422]: cannot find struct, variant or union type `RenderPassColorAttachment` in this scope
   --> src/render.rs:276:39
error[E0422]: cannot find struct, variant or union type `Operations` in this scope
   --> src/render.rs:280:22
error[E0433]: failed to resolve: use of undeclared type `LoadOp`
   --> src/render.rs:281:27
error[E0433]: failed to resolve: use of undeclared type `Color`
   --> src/render.rs:281:41
error[E0433]: failed to resolve: use of undeclared type `StoreOp`
   --> src/render.rs:282:28
error[E0433]: failed to resolve: use of unresolved module or unlinked crate `iter`
   --> src/render.rs:296:22
   --> src/asset.rs:690:9
   --> src/ent.rs:194:22
 --> src/ent_manager.rs:4:12
 --> src/error.rs:6:16
 --> src/file_util.rs:9:5
  --> src/file_util.rs:14:5
  --> src/file_util.rs:17:17
 --> src/gfx.rs:4:5
 --> src/gfx.rs:7:83
 --> src/gfx.rs:8:13
  --> src/gfx.rs:12:5
  --> src/gfx.rs:16:16
  --> src/gfx.rs:18:60
  --> src/gfx.rs:21:5
 --> src/global.rs:1:24
   --> src/log.rs:110:37
   --> src/log.rs:125:41
  --> src/lua_define.rs:27:38
  --> src/lua_define.rs:30:5
   --> src/lua_ent.rs:145:56
   --> src/lua_ent.rs:146:56
   --> src/lua_ent.rs:147:56
   --> src/lua_ent.rs:149:68
   --> src/lua_ent.rs:150:68
   --> src/lua_ent.rs:151:68
   --> src/lua_ent.rs:153:56
   --> src/lua_ent.rs:154:65
   --> src/lua_ent.rs:155:56
   --> src/lua_ent.rs:156:65
   --> src/lua_ent.rs:157:56
 --> src/lua_img.rs:1:11
   --> src/model.rs:565:31
 --> src/ray.rs:1:5
 --> src/ray.rs:3:30
  --> src/tile.rs:95:10
 --> src/types.rs:4:15
  --> src/root.rs:46:34
  --> src/root.rs:83:39
   --> src/file_util.rs:243:9
error[E0063]: missing field `display` in initializer of `wgpu::InstanceDescriptor`
   --> src/gfx.rs:111:45
error[E0308]: mismatched types
   --> src/gfx.rs:111:44
error[E0308]: mismatched types
   --> src/gfx.rs:162:36
error[E0308]: mismatched types
   --> src/gfx.rs:340:39
error[E0560]: struct `wgpu::PipelineLayoutDescriptor<'_>` has no field named `push_constant_ranges`
   --> src/gfx.rs:341:17
error[E0308]: mismatched types
   --> src/gfx.rs:394:38
error[E0308]: mismatched types
   --> src/gfx.rs:395:32
error[E0560]: struct `wgpu::RenderPipelineDescriptor<'_>` has no field named `multiview`
   --> src/gfx.rs:404:13
error[E0308]: mismatched types
   --> src/gfx.rs:437:35
error[E0560]: struct `wgpu::PipelineLayoutDescriptor<'_>` has no field named `push_constant_ranges`
   --> src/gfx.rs:438:13
error[E0308]: mismatched types
   --> src/gfx.rs:477:38
error[E0308]: mismatched types
   --> src/gfx.rs:478:32
error[E0560]: struct `wgpu::RenderPipelineDescriptor<'_>` has no field named `multiview`
   --> src/gfx.rs:487:13
error[E0308]: mismatched types
   --> src/gfx.rs:494:35
error[E0560]: struct `wgpu::PipelineLayoutDescriptor<'_>` has no field named `push_constant_ranges`
   --> src/gfx.rs:495:13
error[E0308]: mismatched types
   --> src/gfx.rs:529:38
error[E0308]: mismatched types
   --> src/gfx.rs:530:32
error[E0560]: struct `wgpu::RenderPipelineDescriptor<'_>` has no field named `multiview`
   --> src/gfx.rs:539:13
error[E0599]: no method named `len` found for struct `ExTable` in the current scope
   --> src/asset.rs:328:73
error[E0308]: mismatched types
   --> src/bundle.rs:68:28
   --> src/lua_define.rs:737:12
error[E0308]: mismatched types
   --> src/bundle.rs:152:61
   --> src/bundle.rs:152:56
   --> /rustc/e408947bfd200af42db322daf0fadfe7e26d3bd1/library/core/src/option.rs:608:4
error[E0277]: the trait bound `std::option::Option<u8>: FromLua<'_>` is not satisfied
    --> src/command.rs:507:21
error[E0277]: the trait bound `std::option::Option<i32>: FromLua<'_>` is not satisfied
    --> src/command.rs:507:21
error[E0277]: the trait bound `(std::string::String, i32, i32, i32, i32, i32, i32): FromLuaMulti<'_>` is not satisfied
    --> src/command.rs:507:21
error[E0277]: the trait bound `Vec<(u8, i32)>: ToLua<'_>` is not satisfied
    --> src/command.rs:507:21
error[E0277]: the trait bound `Vec<std::string::String>: FromLua<'_>` is not satisfied
    --> src/command.rs:507:21
error[E0277]: the trait bound `std::option::Option<u32>: FromLua<'_>` is not satisfied
    --> src/command.rs:507:21
error[E0277]: the trait bound `std::option::Option<bool>: FromLua<'_>` is not satisfied
    --> src/command.rs:507:21
error[E0277]: the trait bound `silt_lua::Value<'_>: From<f32>` is not satisfied
   --> src/command.rs:716:24
error[E0277]: the trait bound `silt_lua::Value<'_>: From<f32>` is not satisfied
   --> src/command.rs:717:24
error[E0277]: the trait bound `silt_lua::Value<'_>: From<f32>` is not satisfied
   --> src/command.rs:718:25
error[E0277]: the trait bound `silt_lua::Value<'_>: From<f32>` is not satisfied
   --> src/command.rs:719:25
error[E0277]: the trait bound `silt_lua::Value<'_>: From<f32>` is not satisfied
   --> src/command.rs:720:25
error[E0277]: the trait bound `silt_lua::Value<'_>: From<f32>` is not satisfied
   --> src/command.rs:721:25
error[E0277]: the trait bound `silt_lua::Value<'_>: From<f32>` is not satisfied
   --> src/command.rs:727:29
error[E0277]: the trait bound `silt_lua::Value<'_>: From<f32>` is not satisfied
   --> src/command.rs:729:25
error[E0277]: the trait bound `silt_lua::Value<'_>: From<f32>` is not satisfied
   --> src/command.rs:730:25
error[E0277]: the trait bound `silt_lua::Value<'_>: From<f32>` is not satisfied
   --> src/command.rs:731:25
error[E0277]: the trait bound `std::result::Result<silt_lua::prelude::Table<'_>, _>: ToLua<'_>` is not satisfied
    --> src/command.rs:507:21
error[E0277]: the trait bound `std::string::String: FromLuaMulti<'_>` is not satisfied
    --> src/command.rs:507:21
error[E0277]: the trait bound `std::string::String: FromLuaMulti<'_>` is not satisfied
    --> src/command.rs:507:21
error[E0277]: the trait bound `std::result::Result<f32, _>: ToLua<'_>` is not satisfied
    --> src/command.rs:507:21
error[E0277]: the trait bound `std::option::Option<std::string::String>: FromLua<'_>` is not satisfied
    --> src/command.rs:507:21
error[E0277]: the trait bound `std::option::Option<f64>: FromLua<'_>` is not satisfied
    --> src/command.rs:507:21
error[E0599]: no method named `create_userdata_raw` found for mutable reference `&mut VM<'_>` in the current scope
   --> src/command.rs:787:30
error[E0599]: no method named `is_type` found for struct `std::cell::Ref<'_, UserDataWrapper>` in the current scope
   --> src/command.rs:826:19
error[E0599]: no method named `downcast_get` found for struct `std::cell::Ref<'_, UserDataWrapper>` in the current scope
   --> src/command.rs:850:22
error[E0282]: type annotations needed
   --> src/command.rs:850:52
error[E0599]: no method named `downcast_get` found for struct `std::cell::Ref<'_, UserDataWrapper>` in the current scope
   --> src/command.rs:853:22
error[E0282]: type annotations needed
   --> src/command.rs:853:52
error[E0277]: the trait bound `std::option::Option<silt_lua::Value<'_>>: FromLuaMulti<'_>` is not satisfied
    --> src/command.rs:507:21
error[E0277]: the trait bound `f32: From<&silt_lua::Value<'_>>` is not satisfied
   --> src/command.rs:953:70
error[E0277]: the trait bound `f32: From<&silt_lua::Value<'_>>` is not satisfied
   --> src/command.rs:954:70
error[E0277]: the trait bound `f32: From<&silt_lua::Value<'_>>` is not satisfied
   --> src/command.rs:955:70
error[E0277]: the trait bound `f32: From<&silt_lua::Value<'_>>` is not satisfied
   --> src/command.rs:966:70
error[E0277]: the trait bound `f32: From<&silt_lua::Value<'_>>` is not satisfied
   --> src/command.rs:967:70
error[E0277]: the trait bound `f32: FromLua<'_>` is not satisfied
    --> src/command.rs:507:21
error[E0277]: the trait bound `std::option::Option<f32>: FromLua<'_>` is not satisfied
    --> src/command.rs:507:21
error[E0277]: the trait bound `std::option::Option<usize>: FromLuaMulti<'_>` is not satisfied
    --> src/command.rs:507:21
error[E0277]: the trait bound `Vec<f32>: FromLua<'_>` is not satisfied
    --> src/command.rs:507:21
error[E0277]: the trait bound `std::option::Option<bool>: FromLua<'_>` is not satisfied
    --> src/command.rs:507:21
error[E0599]: no method named `downcast_ref` found for struct `std::cell::Ref<'_, UserDataWrapper>` in the current scope
    --> src/command.rs:1088:29
error[E0277]: the trait bound `std::string::String: FromLuaMulti<'_>` is not satisfied
    --> src/command.rs:507:21
error[E0599]: no method named `try_get_type` found for struct `std::cell::Ref<'_, silt_lua::prelude::Table<'_>>` in the current scope
    --> src/command.rs:1161:25
error[E0599]: no method named `try_get_type` found for struct `std::cell::Ref<'_, silt_lua::prelude::Table<'_>>` in the current scope
    --> src/command.rs:1165:33
error[E0599]: no method named `try_get_type` found for struct `std::cell::Ref<'_, silt_lua::prelude::Table<'_>>` in the current scope
    --> src/command.rs:1167:45
error[E0282]: type annotations needed
    --> src/command.rs:1170:49
error[E0599]: no method named `try_get_type` found for struct `std::cell::Ref<'_, silt_lua::prelude::Table<'_>>` in the current scope
    --> src/command.rs:1181:45
error[E0599]: no method named `try_get_type` found for struct `std::cell::Ref<'_, silt_lua::prelude::Table<'_>>` in the current scope
    --> src/command.rs:1198:33
error[E0599]: no method named `try_get_type` found for struct `std::cell::Ref<'_, silt_lua::prelude::Table<'_>>` in the current scope
    --> src/command.rs:1229:37
error[E0282]: type annotations needed
    --> src/command.rs:1232:36
error[E0599]: no method named `get_type` found for struct `std::cell::Ref<'_, silt_lua::prelude::Table<'_>>` in the current scope
    --> src/command.rs:1233:51
error[E0599]: no method named `get_type` found for struct `std::cell::Ref<'_, silt_lua::prelude::Table<'_>>` in the current scope
    --> src/command.rs:1234:50
error[E0599]: no method named `get_type` found for struct `std::cell::Ref<'_, silt_lua::prelude::Table<'_>>` in the current scope
    --> src/command.rs:1235:52
error[E0599]: no method named `try_get_type` found for struct `std::cell::Ref<'_, silt_lua::prelude::Table<'_>>` in the current scope
    --> src/command.rs:1236:45
error[E0599]: no method named `try_get_type` found for struct `std::cell::Ref<'_, silt_lua::prelude::Table<'_>>` in the current scope
    --> src/command.rs:1266:41
error[E0282]: type annotations needed
    --> src/command.rs:1268:44
error[E0277]: the trait bound `std::option::Option<std::string::String>: FromLua<'_>` is not satisfied
    --> src/command.rs:507:21
error[E0277]: the trait bound `std::option::Option<u8>: FromLua<'_>` is not satisfied
    --> src/command.rs:507:21
error[E0277]: the trait bound `std::option::Option<f64>: FromLua<'_>` is not satisfied
    --> src/command.rs:507:21
error[E0277]: the trait bound `std::option::Option<i64>: FromLua<'_>` is not satisfied
    --> src/command.rs:507:21
error[E0277]: the trait bound `f64: FromLuaMulti<'_>` is not satisfied
    --> src/command.rs:507:21
error[E0277]: the trait bound `f64: FromLuaMulti<'_>` is not satisfied
    --> src/command.rs:507:21
error[E0277]: the trait bound `f64: FromLuaMulti<'_>` is not satisfied
    --> src/command.rs:507:21
error[E0277]: the trait bound `f64: FromLuaMulti<'_>` is not satisfied
    --> src/command.rs:507:21
error[E0277]: the trait bound `f64: FromLuaMulti<'_>` is not satisfied
    --> src/command.rs:507:21
error[E0277]: the trait bound `f64: FromLuaMulti<'_>` is not satisfied
    --> src/command.rs:507:21
error[E0277]: the trait bound `f64: FromLuaMulti<'_>` is not satisfied
    --> src/command.rs:507:21
error[E0277]: the trait bound `f64: FromLuaMulti<'_>` is not satisfied
    --> src/command.rs:507:21
error[E0277]: the trait bound `std::string::String: FromLuaMulti<'_>` is not satisfied
    --> src/command.rs:507:21
error[E0277]: the trait bound `std::string::String: FromLuaMulti<'_>` is not satisfied
    --> src/command.rs:507:21
error[E0277]: the trait bound `std::option::Option<bool>: FromLua<'_>` is not satisfied
    --> src/command.rs:507:21
error[E0277]: the trait bound `std::option::Option<u8>: FromLuaMulti<'_>` is not satisfied
    --> src/command.rs:507:21
error[E0277]: the trait bound `bool: FromLuaMulti<'_>` is not satisfied
    --> src/command.rs:507:21
error[E0599]: no method named `table_from_array` found for mutable reference `&mut VM<'_>` in the current scope
    --> src/command.rs:1565:28
error[E0599]: no method named `register_native_function_to` found for mutable reference `&mut VM<'gc>` in the current scope
    --> src/command.rs:531:21
error[E0599]: no method named `register_native_function_to` found for mutable reference `&mut VM<'gc>` in the current scope
    --> src/command.rs:531:21
error[E0599]: no method named `register_native_function_to` found for mutable reference `&mut VM<'gc>` in the current scope
    --> src/command.rs:531:21
error[E0308]: mismatched types
    --> src/command.rs:1653:14
    --> src/command.rs:1653:9
    --> /rustc/e408947bfd200af42db322daf0fadfe7e26d3bd1/library/core/src/option.rs:608:4
error[E0599]: no method named `downcast_ref` found for struct `UserDataWrapper` in the current scope
   --> src/ent_manager.rs:105:14
error[E0282]: type annotations needed
   --> src/ent_manager.rs:105:44
error[E0599]: no method named `downcast_ref` found for reference `&UserDataWrapper` in the current scope
   --> src/ent_manager.rs:230:19
error[E0599]: no method named `downcast_ref` found for reference `&UserDataWrapper` in the current scope
   --> src/ent_manager.rs:299:16
error[E0308]: mismatched types
  --> src/gfx.rs:87:24
error[E0599]: no method named `downcast_ref` found for struct `UserDataWrapper` in the current scope
   --> src/gui.rs:103:37
error[E0107]: method takes 1 generic argument but 2 generic arguments were supplied
   --> src/lua_define.rs:261:30
error[E0599]: no method named `create_userdata_tuple` found for mutable reference `&mut VM<'_>` in the current scope
   --> src/lua_define.rs:297:51
error[E0599]: no method named `create_userdata_tuple` found for mutable reference `&mut VM<'_>` in the current scope
   --> src/lua_define.rs:298:49
error[E0308]: arguments to this method are incorrect
   --> src/lua_define.rs:344:28
error[E0277]: `?` couldn't convert the error: `Vec<ErrorTuple>: StdError` is not satisfied
   --> src/lua_define.rs:344:85
error[E0308]: arguments to this method are incorrect
   --> src/lua_define.rs:345:44
error[E0277]: `?` couldn't convert the error: `Vec<ErrorTuple>: StdError` is not satisfied
   --> src/lua_define.rs:345:94
error[E0308]: arguments to this method are incorrect
   --> src/lua_define.rs:346:44
error[E0277]: `?` couldn't convert the error: `Vec<ErrorTuple>: StdError` is not satisfied
   --> src/lua_define.rs:346:94
error[E0308]: arguments to this method are incorrect
   --> src/lua_define.rs:347:44
error[E0277]: `?` couldn't convert the error: `Vec<ErrorTuple>: StdError` is not satisfied
   --> src/lua_define.rs:347:94
error[E0308]: mismatched types
   --> src/lua_define.rs:467:43
error[E0277]: the trait bound `for<'e> usize: ToLuaMulti<'e>` is not satisfied
    --> src/lua_define.rs:450:79
error[E0277]: the trait bound `for<'e> usize: ToLuaMulti<'e>` is not satisfied
    --> src/lua_define.rs:450:79
error[E0061]: this method takes 3 arguments but 4 arguments were supplied
    --> src/lua_define.rs:450:53
    --> src/lua_define.rs:450:65
error[E0599]: `Vec<ErrorTuple>` doesn't implement `std::fmt::Display`
   --> src/lua_define.rs:451:71
error[E0277]: the trait bound `for<'e> usize: ToLuaMulti<'e>` is not satisfied
    --> src/lua_define.rs:468:62
error[E0061]: this method takes 3 arguments but 4 arguments were supplied
    --> src/lua_define.rs:468:36
    --> src/lua_define.rs:468:48
error[E0277]: `?` couldn't convert the error: `Vec<ErrorTuple>: StdError` is not satisfied
   --> src/lua_define.rs:468:80
error[E0277]: `?` couldn't convert the error: `P64Error: StdError` is not satisfied
   --> src/lua_define.rs:537:94
   --> src/error.rs:10:1
error[E0277]: the trait bound `for<'e> usize: ToLuaMulti<'e>` is not satisfied
    --> src/lua_define.rs:608:64
error[E0061]: this method takes 3 arguments but 4 arguments were supplied
    --> src/lua_define.rs:608:36
    --> src/lua_define.rs:608:48
error[E0277]: the trait bound `for<'e> usize: ToLuaMulti<'e>` is not satisfied
    --> src/lua_define.rs:617:72
error[E0061]: this method takes 3 arguments but 4 arguments were supplied
    --> src/lua_define.rs:617:46
    --> src/lua_define.rs:617:58
error[E0599]: `Vec<ErrorTuple>` doesn't implement `std::fmt::Display`
   --> src/lua_define.rs:622:68
error[E0308]: mismatched types
   --> src/lua_define.rs:629:24
   --> src/lua_define.rs:629:21
   --> /rustc/e408947bfd200af42db322daf0fadfe7e26d3bd1/library/core/src/result.rs:561:4
error[E0308]: mismatched types
   --> src/lua_define.rs:261:17
error[E0308]: mismatched types
   --> src/lua_define.rs:798:32
error[E0061]: this method takes 2 arguments but 3 arguments were supplied
   --> src/lua_define.rs:811:9
error[E0277]: the trait bound `[f64; 3]: FromLua<'lua>` is not satisfied
   --> src/lua_ent.rs:166:16
error[E0277]: the trait bound `std::result::Result<u64, _>: ToLua<'lua>` is not satisfied
   --> src/lua_ent.rs:172:16
error[E0061]: this method takes 2 arguments but 1 argument was supplied
   --> src/lua_img.rs:193:21
error[E0308]: mismatched types
  --> src/post.rs:58:39
error[E0560]: struct `wgpu::PipelineLayoutDescriptor<'_>` has no field named `push_constant_ranges`
  --> src/post.rs:59:17
error[E0560]: struct `wgpu::RenderPipelineDescriptor<'_>` has no field named `multiview`
   --> src/post.rs:108:21
error[E0599]: no method named `add` found for struct `glam::Vec3` in the current scope
  --> src/render.rs:31:11
  --> /rustc/e408947bfd200af42db322daf0fadfe7e26d3bd1/library/core/src/ops/arith.rs:92:7
error[E0282]: type annotations needed
   --> src/render.rs:202:50
error[E0069]: `return;` in a function whose return type is not `()`
   --> src/render.rs:259:13
error[E0308]: mismatched types
  --> src/render.rs:58:5
error[E0277]: the trait bound `silt_lua::Value<'_>: From<f32>` is not satisfied
   --> src/types.rs:72:25
error[E0277]: `(dyn std::any::Any + 'static)` cannot be sent between threads safely
    --> src/world.rs:225:28
    --> src/command.rs:2245:10
    --> src/world.rs:225:28
    --> /rustc/e408947bfd200af42db322daf0fadfe7e26d3bd1/library/std/src/thread/functions.rs:125:0
  --> src/asset.rs:11:5
  --> src/file_util.rs:20:5
  --> src/gfx.rs:11:5
  --> src/lua_define.rs:32:10
 --> src/lua_ent.rs:1:5
    --> src/asset.rs:1104:10
   --> src/bundle.rs:209:14
   --> src/bundle.rs:264:21
   --> src/bundle.rs:277:21
   --> src/bundle.rs:357:14
    --> src/command.rs:2405:43
    --> src/command.rs:2389:13
    --> src/command.rs:2556:13
    --> src/command.rs:2591:13
   --> src/ent.rs:109:9
   --> src/ent_manager.rs:145:13
   --> src/ent_manager.rs:205:14
   --> src/ent_manager.rs:432:20
  --> src/error.rs:67:13
  --> src/file_util.rs:81:9
   --> src/file_util.rs:119:13
  --> src/gui.rs:42:9
  --> src/gui.rs:43:9
   --> src/gui.rs:944:13
   --> src/gui.rs:954:9
    --> src/gui.rs:1204:24
   --> src/model.rs:140:46
   --> src/model.rs:384:33
   --> src/model.rs:374:13
  --> src/parse.rs:10:20
  --> src/ray.rs:68:9
   --> src/ray.rs:138:9
   --> src/ray.rs:142:9
   --> src/ray.rs:200:9
   --> src/texture.rs:362:9
  --> src/tile.rs:70:13
   --> src/world.rs:385:21
   --> src/world.rs:379:18
   --> src/world.rs:775:40
   --> src/world.rs:777:23
   --> src/lib.rs:593:13
   --> src/lib.rs:593:13
